[ccld] /opt/ohpc/pub/compiler/gcc/8.3.0/bin/gcc CMakeCCompilerId.c -I/home/thma/spack/opt/spack/linux-centos7-x86_64_v3/gcc-8.3.0/openmpi-3.1.4-kqhq6wk3n3z7gun66tz2tl6spfbsddfm/include -pthread -L/home/thma/spack/opt/spack/linux-centos7-x86_64_v3/gcc-8.3.0/hwloc-1.11.13-hcqyvzgez6lxg7mxrueb3n4vlhuez5gr/lib -L/home/thma/spack/opt/spack/linux-centos7-x86_64_v3/gcc-8.3.0/libevent-2.1.12-ptzgof3eddk4sdtm6i76izp4x4qzrhhz/lib -Wl,-rpath,/opt/ohpc/pub/compiler/gcc/8.3.0/lib/gcc/x86_64-pc-linux-gnu/8.3.0 -Wl,-rpath,/opt/ohpc/pub/compiler/gcc/8.3.0/lib64 -Wl,-rpath -Wl,/home/thma/spack/opt/spack/linux-centos7-x86_64_v3/gcc-8.3.0/hwloc-1.11.13-hcqyvzgez6lxg7mxrueb3n4vlhuez5gr/lib -Wl,-rpath -Wl,/home/thma/spack/opt/spack/linux-centos7-x86_64_v3/gcc-8.3.0/libevent-2.1.12-ptzgof3eddk4sdtm6i76izp4x4qzrhhz/lib -Wl,-rpath -Wl,/home/thma/spack/opt/spack/linux-centos7-x86_64_v3/gcc-8.3.0/openmpi-3.1.4-kqhq6wk3n3z7gun66tz2tl6spfbsddfm/lib -L/home/thma/spack/opt/spack/linux-centos7-x86_64_v3/gcc-8.3.0/openmpi-3.1.4-kqhq6wk3n3z7gun66tz2tl6spfbsddfm/lib -lmpi
[ccld] /opt/ohpc/pub/compiler/gcc/8.3.0/bin/gcc -print-sysroot
[ccld] /opt/ohpc/pub/compiler/gcc/8.3.0/bin/g++ CMakeCXXCompilerId.cpp -I/home/thma/spack/opt/spack/linux-centos7-x86_64_v3/gcc-8.3.0/openmpi-3.1.4-kqhq6wk3n3z7gun66tz2tl6spfbsddfm/include -pthread -L/home/thma/spack/opt/spack/linux-centos7-x86_64_v3/gcc-8.3.0/hwloc-1.11.13-hcqyvzgez6lxg7mxrueb3n4vlhuez5gr/lib -L/home/thma/spack/opt/spack/linux-centos7-x86_64_v3/gcc-8.3.0/libevent-2.1.12-ptzgof3eddk4sdtm6i76izp4x4qzrhhz/lib -Wl,-rpath,/opt/ohpc/pub/compiler/gcc/8.3.0/lib/gcc/x86_64-pc-linux-gnu/8.3.0 -Wl,-rpath,/opt/ohpc/pub/compiler/gcc/8.3.0/lib64 -Wl,-rpath -Wl,/home/thma/spack/opt/spack/linux-centos7-x86_64_v3/gcc-8.3.0/hwloc-1.11.13-hcqyvzgez6lxg7mxrueb3n4vlhuez5gr/lib -Wl,-rpath -Wl,/home/thma/spack/opt/spack/linux-centos7-x86_64_v3/gcc-8.3.0/libevent-2.1.12-ptzgof3eddk4sdtm6i76izp4x4qzrhhz/lib -Wl,-rpath -Wl,/home/thma/spack/opt/spack/linux-centos7-x86_64_v3/gcc-8.3.0/openmpi-3.1.4-kqhq6wk3n3z7gun66tz2tl6spfbsddfm/lib -L/home/thma/spack/opt/spack/linux-centos7-x86_64_v3/gcc-8.3.0/openmpi-3.1.4-kqhq6wk3n3z7gun66tz2tl6spfbsddfm/lib -lmpi
[ccld] /opt/ohpc/pub/compiler/gcc/8.3.0/bin/g++ -print-sysroot
[ld] ld --help
[ld] ld --help
[vcheck] /opt/ohpc/pub/compiler/gcc/8.3.0/bin/gcc 
[vcheck] /opt/ohpc/pub/compiler/gcc/8.3.0/bin/gcc 
[ld] ld --help
[vcheck] /opt/ohpc/pub/compiler/gcc/8.3.0/bin/g++ 
[vcheck] /opt/ohpc/pub/compiler/gcc/8.3.0/bin/g++ 
[ld] ld --help
[vcheck] /opt/ohpc/pub/compiler/gcc/8.3.0/bin/gcc 
[vcheck] /opt/ohpc/pub/compiler/gcc/8.3.0/bin/gcc 
[ld] ld --help
[vcheck] /opt/ohpc/pub/compiler/gcc/8.3.0/bin/g++ 
[vcheck] /opt/ohpc/pub/compiler/gcc/8.3.0/bin/g++ 
[ld] ld --help
[cc] /opt/ohpc/pub/compiler/gcc/8.3.0/bin/gcc -fopenmp -o CMakeFiles/cmTC_de6d2.dir/OpenMPCheckVersion.c.o -c /home/thma/spack/var/spack/stage/spack-stage-cardioid-elecfem-3knz55zfppubctxcfzrc2pmy7iuhyogd/spack-build-3knz55z/CMakeFiles/CMakeScratch/TryCompile-jn3lMV/OpenMPCheckVersion.c -I/home/thma/spack/opt/spack/linux-centos7-x86_64_v3/gcc-8.3.0/openmpi-3.1.4-kqhq6wk3n3z7gun66tz2tl6spfbsddfm/include -pthread
[ccld] /opt/ohpc/pub/compiler/gcc/8.3.0/bin/gcc -fopenmp -rdynamic CMakeFiles/cmTC_de6d2.dir/OpenMPCheckVersion.c.o -o cmTC_de6d2 -I/home/thma/spack/opt/spack/linux-centos7-x86_64_v3/gcc-8.3.0/openmpi-3.1.4-kqhq6wk3n3z7gun66tz2tl6spfbsddfm/include -pthread -L/home/thma/spack/opt/spack/linux-centos7-x86_64_v3/gcc-8.3.0/hwloc-1.11.13-hcqyvzgez6lxg7mxrueb3n4vlhuez5gr/lib -L/home/thma/spack/opt/spack/linux-centos7-x86_64_v3/gcc-8.3.0/libevent-2.1.12-ptzgof3eddk4sdtm6i76izp4x4qzrhhz/lib -Wl,-rpath,/opt/ohpc/pub/compiler/gcc/8.3.0/lib/gcc/x86_64-pc-linux-gnu/8.3.0 -Wl,-rpath,/opt/ohpc/pub/compiler/gcc/8.3.0/lib64 -Wl,-rpath -Wl,/home/thma/spack/opt/spack/linux-centos7-x86_64_v3/gcc-8.3.0/hwloc-1.11.13-hcqyvzgez6lxg7mxrueb3n4vlhuez5gr/lib -Wl,-rpath -Wl,/home/thma/spack/opt/spack/linux-centos7-x86_64_v3/gcc-8.3.0/libevent-2.1.12-ptzgof3eddk4sdtm6i76izp4x4qzrhhz/lib -Wl,-rpath -Wl,/home/thma/spack/opt/spack/linux-centos7-x86_64_v3/gcc-8.3.0/openmpi-3.1.4-kqhq6wk3n3z7gun66tz2tl6spfbsddfm/lib -L/home/thma/spack/opt/spack/linux-centos7-x86_64_v3/gcc-8.3.0/openmpi-3.1.4-kqhq6wk3n3z7gun66tz2tl6spfbsddfm/lib -lmpi
[ld] ld --help
[cc] /opt/ohpc/pub/compiler/gcc/8.3.0/bin/g++ -fopenmp -o CMakeFiles/cmTC_a4654.dir/OpenMPCheckVersion.cpp.o -c /home/thma/spack/var/spack/stage/spack-stage-cardioid-elecfem-3knz55zfppubctxcfzrc2pmy7iuhyogd/spack-build-3knz55z/CMakeFiles/CMakeScratch/TryCompile-9QyFq5/OpenMPCheckVersion.cpp -I/home/thma/spack/opt/spack/linux-centos7-x86_64_v3/gcc-8.3.0/openmpi-3.1.4-kqhq6wk3n3z7gun66tz2tl6spfbsddfm/include -pthread
[ccld] /opt/ohpc/pub/compiler/gcc/8.3.0/bin/g++ -fopenmp -rdynamic CMakeFiles/cmTC_a4654.dir/OpenMPCheckVersion.cpp.o -o cmTC_a4654 -I/home/thma/spack/opt/spack/linux-centos7-x86_64_v3/gcc-8.3.0/openmpi-3.1.4-kqhq6wk3n3z7gun66tz2tl6spfbsddfm/include -pthread -L/home/thma/spack/opt/spack/linux-centos7-x86_64_v3/gcc-8.3.0/hwloc-1.11.13-hcqyvzgez6lxg7mxrueb3n4vlhuez5gr/lib -L/home/thma/spack/opt/spack/linux-centos7-x86_64_v3/gcc-8.3.0/libevent-2.1.12-ptzgof3eddk4sdtm6i76izp4x4qzrhhz/lib -Wl,-rpath,/opt/ohpc/pub/compiler/gcc/8.3.0/lib/gcc/x86_64-pc-linux-gnu/8.3.0 -Wl,-rpath,/opt/ohpc/pub/compiler/gcc/8.3.0/lib64 -Wl,-rpath -Wl,/home/thma/spack/opt/spack/linux-centos7-x86_64_v3/gcc-8.3.0/hwloc-1.11.13-hcqyvzgez6lxg7mxrueb3n4vlhuez5gr/lib -Wl,-rpath -Wl,/home/thma/spack/opt/spack/linux-centos7-x86_64_v3/gcc-8.3.0/libevent-2.1.12-ptzgof3eddk4sdtm6i76izp4x4qzrhhz/lib -Wl,-rpath -Wl,/home/thma/spack/opt/spack/linux-centos7-x86_64_v3/gcc-8.3.0/openmpi-3.1.4-kqhq6wk3n3z7gun66tz2tl6spfbsddfm/lib -L/home/thma/spack/opt/spack/linux-centos7-x86_64_v3/gcc-8.3.0/openmpi-3.1.4-kqhq6wk3n3z7gun66tz2tl6spfbsddfm/lib -lmpi
