[ccld] /opt/ohpc/pub/compiler/gcc/8.3.0/bin/gcc CMakeCCompilerId.c -I/home/thma/spack/opt/spack/linux-centos7-x86_64_v3/gcc-8.3.0/openmpi-5.0.5-52a7cztp4v54tl4qiipvfx4cr7c2k5oo/include -pthread -L/home/thma/spack/opt/spack/linux-centos7-x86_64_v3/gcc-8.3.0/openmpi-5.0.5-52a7cztp4v54tl4qiipvfx4cr7c2k5oo/lib -Wl,-rpath,/opt/ohpc/pub/compiler/gcc/8.3.0/lib/gcc/x86_64-pc-linux-gnu/8.3.0 -Wl,-rpath,/opt/ohpc/pub/compiler/gcc/8.3.0/lib64 -Wl,-rpath -Wl,/home/thma/spack/opt/spack/linux-centos7-x86_64_v3/gcc-8.3.0/openmpi-5.0.5-52a7cztp4v54tl4qiipvfx4cr7c2k5oo/lib -lmpi
[ccld] /opt/ohpc/pub/compiler/gcc/8.3.0/bin/gcc -print-sysroot
[ccld] /opt/ohpc/pub/compiler/gcc/8.3.0/bin/g++ CMakeCXXCompilerId.cpp -I/home/thma/spack/opt/spack/linux-centos7-x86_64_v3/gcc-8.3.0/openmpi-5.0.5-52a7cztp4v54tl4qiipvfx4cr7c2k5oo/include -pthread -L/home/thma/spack/opt/spack/linux-centos7-x86_64_v3/gcc-8.3.0/openmpi-5.0.5-52a7cztp4v54tl4qiipvfx4cr7c2k5oo/lib -Wl,-rpath,/opt/ohpc/pub/compiler/gcc/8.3.0/lib/gcc/x86_64-pc-linux-gnu/8.3.0 -Wl,-rpath,/opt/ohpc/pub/compiler/gcc/8.3.0/lib64 -Wl,-rpath -Wl,/home/thma/spack/opt/spack/linux-centos7-x86_64_v3/gcc-8.3.0/openmpi-5.0.5-52a7cztp4v54tl4qiipvfx4cr7c2k5oo/lib -lmpi
[ccld] /opt/ohpc/pub/compiler/gcc/8.3.0/bin/g++ -print-sysroot
[ld] ld --help
[ld] ld --help
[vcheck] /opt/ohpc/pub/compiler/gcc/8.3.0/bin/gcc 
[vcheck] /opt/ohpc/pub/compiler/gcc/8.3.0/bin/gcc 
[ld] ld --help
[vcheck] /opt/ohpc/pub/compiler/gcc/8.3.0/bin/g++ 
[vcheck] /opt/ohpc/pub/compiler/gcc/8.3.0/bin/g++ 
[ld] ld --help
[vcheck] /opt/ohpc/pub/compiler/gcc/8.3.0/bin/gcc 
[vcheck] /opt/ohpc/pub/compiler/gcc/8.3.0/bin/gcc 
[ld] ld --help
[vcheck] /opt/ohpc/pub/compiler/gcc/8.3.0/bin/g++ 
[vcheck] /opt/ohpc/pub/compiler/gcc/8.3.0/bin/g++ 
[ld] ld --help
[cc] /opt/ohpc/pub/compiler/gcc/8.3.0/bin/gcc -fopenmp -o CMakeFiles/cmTC_8b202.dir/OpenMPCheckVersion.c.o -c /home/thma/spack/var/spack/stage/spack-stage-cardioid-elecfem-gy52hndvzmps44fsmuzlmuqessrymzbw/spack-build-gy52hnd/CMakeFiles/CMakeScratch/TryCompile-dpU1np/OpenMPCheckVersion.c -I/home/thma/spack/opt/spack/linux-centos7-x86_64_v3/gcc-8.3.0/openmpi-5.0.5-52a7cztp4v54tl4qiipvfx4cr7c2k5oo/include -pthread
[ccld] /opt/ohpc/pub/compiler/gcc/8.3.0/bin/gcc -fopenmp -rdynamic CMakeFiles/cmTC_8b202.dir/OpenMPCheckVersion.c.o -o cmTC_8b202 -I/home/thma/spack/opt/spack/linux-centos7-x86_64_v3/gcc-8.3.0/openmpi-5.0.5-52a7cztp4v54tl4qiipvfx4cr7c2k5oo/include -pthread -L/home/thma/spack/opt/spack/linux-centos7-x86_64_v3/gcc-8.3.0/openmpi-5.0.5-52a7cztp4v54tl4qiipvfx4cr7c2k5oo/lib -Wl,-rpath,/opt/ohpc/pub/compiler/gcc/8.3.0/lib/gcc/x86_64-pc-linux-gnu/8.3.0 -Wl,-rpath,/opt/ohpc/pub/compiler/gcc/8.3.0/lib64 -Wl,-rpath -Wl,/home/thma/spack/opt/spack/linux-centos7-x86_64_v3/gcc-8.3.0/openmpi-5.0.5-52a7cztp4v54tl4qiipvfx4cr7c2k5oo/lib -lmpi
[ld] ld --help
[cc] /opt/ohpc/pub/compiler/gcc/8.3.0/bin/g++ -fopenmp -o CMakeFiles/cmTC_0eaf0.dir/OpenMPCheckVersion.cpp.o -c /home/thma/spack/var/spack/stage/spack-stage-cardioid-elecfem-gy52hndvzmps44fsmuzlmuqessrymzbw/spack-build-gy52hnd/CMakeFiles/CMakeScratch/TryCompile-5YxPbe/OpenMPCheckVersion.cpp -I/home/thma/spack/opt/spack/linux-centos7-x86_64_v3/gcc-8.3.0/openmpi-5.0.5-52a7cztp4v54tl4qiipvfx4cr7c2k5oo/include -pthread
[ccld] /opt/ohpc/pub/compiler/gcc/8.3.0/bin/g++ -fopenmp -rdynamic CMakeFiles/cmTC_0eaf0.dir/OpenMPCheckVersion.cpp.o -o cmTC_0eaf0 -I/home/thma/spack/opt/spack/linux-centos7-x86_64_v3/gcc-8.3.0/openmpi-5.0.5-52a7cztp4v54tl4qiipvfx4cr7c2k5oo/include -pthread -L/home/thma/spack/opt/spack/linux-centos7-x86_64_v3/gcc-8.3.0/openmpi-5.0.5-52a7cztp4v54tl4qiipvfx4cr7c2k5oo/lib -Wl,-rpath,/opt/ohpc/pub/compiler/gcc/8.3.0/lib/gcc/x86_64-pc-linux-gnu/8.3.0 -Wl,-rpath,/opt/ohpc/pub/compiler/gcc/8.3.0/lib64 -Wl,-rpath -Wl,/home/thma/spack/opt/spack/linux-centos7-x86_64_v3/gcc-8.3.0/openmpi-5.0.5-52a7cztp4v54tl4qiipvfx4cr7c2k5oo/lib -lmpi
